
> focus_flow@0.1.0 build
> next build

▲ Next.js 16.1.6 (Turbopack)
- Environments: .env

⚠ The "middleware" file convention is deprecated. Please use "proxy" instead. Learn more: https://nextjs.org/docs/messages/middleware-to-proxy
  Creating an optimized production build ...
Error: Cannot apply unknown utility class `border-border`
    [2m[at onInvalidCandidate (/Users/simonebuccolieri/projects/focus_flow/node_modules/tailwindcss/dist/lib.js:21:1511)][0m
    [2m[at Te (/Users/simonebuccolieri/projects/focus_flow/node_modules/tailwindcss/dist/lib.js:16:36652)][0m
    [2m[at /Users/simonebuccolieri/projects/focus_flow/node_modules/tailwindcss/dist/lib.js:21:355][0m
    [2m[at Rr (/Users/simonebuccolieri/projects/focus_flow/node_modules/tailwindcss/dist/lib.js:3:1718)][0m
    [2m[at _ (/Users/simonebuccolieri/projects/focus_flow/node_modules/tailwindcss/dist/lib.js:3:1377)][0m
    [2m[at $e (/Users/simonebuccolieri/projects/focus_flow/node_modules/tailwindcss/dist/lib.js:21:172)][0m
    [2m[at un (/Users/simonebuccolieri/projects/focus_flow/node_modules/tailwindcss/dist/lib.js:38:294)][0m
    [2m[at async cn (/Users/simonebuccolieri/projects/focus_flow/node_modules/tailwindcss/dist/lib.js:38:631)][0m
    [2m[at async Xr (/Users/simonebuccolieri/projects/focus_flow/node_modules/@tailwindcss/node/dist/index.js:10:3417)][0m
    [2m[at async I (/Users/simonebuccolieri/projects/focus_flow/node_modules/@tailwindcss/postcss/dist/index.js:10:3977)][0m

> Build error occurred
Error: Turbopack build failed with 1 errors:
./src/app/globals.css
Error evaluating Node.js code
CssSyntaxError: tailwindcss: /Users/simonebuccolieri/projects/focus_flow/src/app/globals.css:1:1: Cannot apply unknown utility class `border-border`
    at Input.error (node_modules/postcss/lib/input.js:135:16) [/Users/simonebuccolieri/projects/focus_flow/.next/build/chunks/node_modules_fe693df6._.js:4651:22]
    at Root.error (node_modules/postcss/lib/node.js:146:32) [/Users/simonebuccolieri/projects/focus_flow/.next/build/chunks/node_modules_fe693df6._.js:928:38]
    [at Object.Once (/Users/simonebuccolieri/projects/focus_flow/node_modules/@tailwindcss/postcss/dist/index.js:10:6911)]
    at async LazyResult.runAsync (node_modules/postcss/lib/lazy-result.js:293:11) [/Users/simonebuccolieri/projects/focus_flow/.next/build/chunks/node_modules_fe693df6._.js:6206:21]
    at async transform (turbopack:///[turbopack-node]/transforms/postcss.ts:70:34) [/Users/simonebuccolieri/projects/focus_flow/.next/build/chunks/[root-of-the-server]__51225daf._.js:146:36]
    at async run (turbopack:///[turbopack-node]/ipc/evaluate.ts:92:23) [/Users/simonebuccolieri/projects/focus_flow/.next/build/chunks/[root-of-the-server]__974941ed._.js:443:31]

Import trace:
  Client Component Browser:
    ./src/app/globals.css [Client Component Browser]
    ./src/app/layout.tsx [Server Component]


    at async transform (turbopack:///[turbopack-node]/transforms/postcss.ts:70:34) [/Users/simonebuccolieri/projects/focus_flow/.next/build/chunks/[root-of-the-server]__51225daf._.js:146:36])
    at async run (turbopack:///[turbopack-node]/ipc/evaluate.ts:92:23) [/Users/simonebuccolieri/projects/focus_flow/.next/build/chunks/[root-of-the-server]__974941ed._.js:443:31])
